// Jest Snapshot v1, https://goo.gl/fbAQLP

exports[`<Celebrate/> should match snapshot 1`] = `null`;
