// Jest Snapshot v1, https://goo.gl/fbAQLP

exports[`<ScoreScreen/> should match snapshot 1`] = `
<View
  style={
    Object {
      "alignItems": "center",
      "backgroundColor": "#E3E3E3",
      "flex": 1,
      "justifyContent": "center",
    }
  }
>
  <View
    style={
      Object {
        "alignItems": "center",
        "flex": 1,
        "justifyContent": "center",
        "paddingTop": 10,
      }
    }
  >
    <Text
      style={
        Object {
          "fontSize": 20,
        }
      }
    >
      High Scores
    </Text>
  </View>
  <View
    style={
      Object {
        "alignItems": "center",
        "flex": 8,
        "width": "98%",
      }
    }
  >
    <View
      style={
        Array [
          Object {
            "width": "100%",
          },
          undefined,
        ]
      }
    >
      <View
        style={
          Array [
            Object {
              "borderBottomWidth": 1,
              "flexDirection": "row",
              "height": 48,
              "paddingHorizontal": 16,
            },
            Object {
              "borderBottomColor": "rgba(0, 0, 0, 0.12)",
            },
            undefined,
          ]
        }
      >
        <View
          accessible={true}
          focusable={true}
          onClick={[Function]}
          onResponderGrant={[Function]}
          onResponderMove={[Function]}
          onResponderRelease={[Function]}
          onResponderTerminate={[Function]}
          onResponderTerminationRequest={[Function]}
          onStartShouldSetResponder={[Function]}
          style={
            Array [
              Object {
                "alignContent": "center",
                "flex": 1,
                "flexDirection": "row",
                "paddingVertical": 12,
              },
              undefined,
              Object {
                "flex": 6,
              },
            ]
          }
        >
          <Text
            numberOfLines={1}
            style={
              Array [
                Object {
                  "color": "#000000",
                  "fontFamily": "System",
                  "fontWeight": "400",
                  "textAlign": "left",
                },
                Array [
                  Object {
                    "alignItems": "center",
                    "fontSize": 12,
                    "fontWeight": "500",
                    "height": 24,
                    "lineHeight": 24,
                  },
                  Object {
                    "color": "rgba(0, 0, 0, 0.6)",
                  },
                ],
              ]
            }
          >
            Name
          </Text>
        </View>
        <View
          accessible={true}
          focusable={true}
          onClick={[Function]}
          onResponderGrant={[Function]}
          onResponderMove={[Function]}
          onResponderRelease={[Function]}
          onResponderTerminate={[Function]}
          onResponderTerminationRequest={[Function]}
          onStartShouldSetResponder={[Function]}
          style={
            Array [
              Object {
                "alignContent": "center",
                "flex": 1,
                "flexDirection": "row",
                "paddingVertical": 12,
              },
              undefined,
              Object {
                "flex": 5,
                "justifyContent": "center",
              },
            ]
          }
        >
          <Text
            numberOfLines={1}
            style={
              Array [
                Object {
                  "color": "#000000",
                  "fontFamily": "System",
                  "fontWeight": "400",
                  "textAlign": "left",
                },
                Array [
                  Object {
                    "alignItems": "center",
                    "fontSize": 12,
                    "fontWeight": "500",
                    "height": 24,
                    "lineHeight": 24,
                  },
                  Object {
                    "color": "rgba(0, 0, 0, 0.6)",
                  },
                ],
              ]
            }
          >
            Matrix
          </Text>
        </View>
        <View
          accessible={true}
          focusable={true}
          onClick={[Function]}
          onResponderGrant={[Function]}
          onResponderMove={[Function]}
          onResponderRelease={[Function]}
          onResponderTerminate={[Function]}
          onResponderTerminationRequest={[Function]}
          onStartShouldSetResponder={[Function]}
          style={
            Array [
              Object {
                "alignContent": "center",
                "flex": 1,
                "flexDirection": "row",
                "paddingVertical": 12,
              },
              undefined,
              Object {
                "flex": 5,
                "justifyContent": "center",
              },
            ]
          }
        >
          <Text
            numberOfLines={1}
            style={
              Array [
                Object {
                  "color": "#000000",
                  "fontFamily": "System",
                  "fontWeight": "400",
                  "textAlign": "left",
                },
                Array [
                  Object {
                    "alignItems": "center",
                    "fontSize": 12,
                    "fontWeight": "500",
                    "height": 24,
                    "lineHeight": 24,
                  },
                  Object {
                    "color": "rgba(0, 0, 0, 0.6)",
                  },
                ],
              ]
            }
          >
            Matches
          </Text>
        </View>
        <View
          accessible={true}
          focusable={true}
          onClick={[Function]}
          onResponderGrant={[Function]}
          onResponderMove={[Function]}
          onResponderRelease={[Function]}
          onResponderTerminate={[Function]}
          onResponderTerminationRequest={[Function]}
          onStartShouldSetResponder={[Function]}
          style={
            Array [
              Object {
                "alignContent": "center",
                "flex": 1,
                "flexDirection": "row",
                "paddingVertical": 12,
              },
              Object {
                "justifyContent": "flex-end",
              },
              Object {
                "flex": 5,
                "justifyContent": "center",
              },
            ]
          }
        >
          <Text
            numberOfLines={1}
            style={
              Array [
                Object {
                  "color": "#000000",
                  "fontFamily": "System",
                  "fontWeight": "400",
                  "textAlign": "left",
                },
                Array [
                  Object {
                    "alignItems": "center",
                    "fontSize": 12,
                    "fontWeight": "500",
                    "height": 24,
                    "lineHeight": 24,
                  },
                  Object {
                    "color": "rgba(0, 0, 0, 0.6)",
                  },
                ],
              ]
            }
          >
            Score
          </Text>
        </View>
        <View
          accessible={true}
          focusable={true}
          onClick={[Function]}
          onResponderGrant={[Function]}
          onResponderMove={[Function]}
          onResponderRelease={[Function]}
          onResponderTerminate={[Function]}
          onResponderTerminationRequest={[Function]}
          onStartShouldSetResponder={[Function]}
          style={
            Array [
              Object {
                "alignContent": "center",
                "flex": 1,
                "flexDirection": "row",
                "paddingVertical": 12,
              },
              undefined,
              Object {
                "flex": 10,
                "justifyContent": "flex-end",
              },
            ]
          }
        >
          <Text
            numberOfLines={1}
            style={
              Array [
                Object {
                  "color": "#000000",
                  "fontFamily": "System",
                  "fontWeight": "400",
                  "textAlign": "left",
                },
                Array [
                  Object {
                    "alignItems": "center",
                    "fontSize": 12,
                    "fontWeight": "500",
                    "height": 24,
                    "lineHeight": 24,
                  },
                  Object {
                    "color": "rgba(0, 0, 0, 0.6)",
                  },
                ],
              ]
            }
          >
            Date
          </Text>
        </View>
      </View>
      <View
        style={
          Array [
            Object {
              "alignItems": "center",
              "flexDirection": "row",
              "justifyContent": "flex-end",
              "paddingLeft": 16,
            },
            undefined,
          ]
        }
      >
        <Text
          numberOfLines={1}
          style={
            Array [
              Object {
                "color": "#000000",
                "fontFamily": "System",
                "fontWeight": "400",
                "textAlign": "left",
              },
              Array [
                Object {
                  "fontSize": 12,
                  "marginRight": 44,
                },
                Object {
                  "color": "rgba(0, 0, 0, 0.6)",
                },
              ],
            ]
          }
        >
          Page 1 of 0
        </Text>
        <View
          accessibilityRole="button"
          accessibilityState={
            Object {
              "disabled": true,
            }
          }
          accessible={true}
          focusable={true}
          hitSlop={
            Object {
              "bottom": 6,
              "left": 6,
              "right": 6,
              "top": 6,
            }
          }
          onClick={[Function]}
          onResponderGrant={[Function]}
          onResponderMove={[Function]}
          onResponderRelease={[Function]}
          onResponderTerminate={[Function]}
          onResponderTerminationRequest={[Function]}
          onStartShouldSetResponder={[Function]}
          style={
            Array [
              Object {
                "overflow": "hidden",
              },
              Array [
                Object {
                  "alignItems": "center",
                  "justifyContent": "center",
                  "margin": 6,
                  "overflow": "hidden",
                },
                Object {
                  "borderRadius": 18,
                  "height": 36,
                  "width": 36,
                },
                Object {
                  "opacity": 0.32,
                },
                undefined,
              ],
            ]
          }
        >
          <View>
            <Text
              accessibilityElementsHidden={true}
              importantForAccessibility="no-hide-descendants"
              pointerEvents="none"
              selectable={false}
              style={
                Array [
                  Object {
                    "backgroundColor": "transparent",
                  },
                  Object {
                    "color": "#000000",
                    "fontSize": 24,
                  },
                ]
              }
            >
              □
            </Text>
          </View>
        </View>
        <View
          accessibilityRole="button"
          accessibilityState={
            Object {
              "disabled": true,
            }
          }
          accessible={true}
          focusable={true}
          hitSlop={
            Object {
              "bottom": 6,
              "left": 6,
              "right": 6,
              "top": 6,
            }
          }
          onClick={[Function]}
          onResponderGrant={[Function]}
          onResponderMove={[Function]}
          onResponderRelease={[Function]}
          onResponderTerminate={[Function]}
          onResponderTerminationRequest={[Function]}
          onStartShouldSetResponder={[Function]}
          style={
            Array [
              Object {
                "overflow": "hidden",
              },
              Array [
                Object {
                  "alignItems": "center",
                  "justifyContent": "center",
                  "margin": 6,
                  "overflow": "hidden",
                },
                Object {
                  "borderRadius": 18,
                  "height": 36,
                  "width": 36,
                },
                Object {
                  "opacity": 0.32,
                },
                undefined,
              ],
            ]
          }
        >
          <View>
            <Text
              accessibilityElementsHidden={true}
              importantForAccessibility="no-hide-descendants"
              pointerEvents="none"
              selectable={false}
              style={
                Array [
                  Object {
                    "backgroundColor": "transparent",
                  },
                  Object {
                    "color": "#000000",
                    "fontSize": 24,
                  },
                ]
              }
            >
              □
            </Text>
          </View>
        </View>
      </View>
    </View>
  </View>
</View>
`;
